// Jest Snapshot v1, https://goo.gl/fbAQLP

exports[`should render the PollutionData component Correctly 1`] = `
Object {
  "asFragment": [Function],
  "baseElement": <body>
    <div>
      <div
        class="pollution-container"
      >
        <h2>
          Air pollution 
        </h2>
        <ul>
          <li>
            <div>
              <span>
                Air Quality:
              </span>
              <span
                class="percent"
              >
                Air Quality
              </span>
              <span>
                 
              </span>
            </div>
             
          </li>
          <li>
            <div>
              <span>
                Concentration of CO: 
              </span>
              <span>
                 
              </span>
            </div>
             
          </li>
          <li>
            <div>
              <span>
                 Concentration of NO:
              </span>
              <span>
                 
              </span>
            </div>
             
          </li>
          <li>
            <div>
              <span>
                Concentration of NO2: 
              </span>
              <span>
                 
              </span>
            </div>
             
          </li>
          <li>
            <div>
              <span>
                Concentration of O3: 
              </span>
              <span>
                 
              </span>
            </div>
             
          </li>
          <li>
             
            <div>
              <span>
                Concentration of SO2: 
              </span>
              <span>
                 
              </span>
            </div>
             
          </li>
          <li>
            <div>
              <span>
                 Concentration of PM2_5: 
              </span>
              <span>
                 
              </span>
            </div>
             
          </li>
          <li>
             
            <div>
              <span>
                 Concentration of PM10:
              </span>
              <span>
                 
              </span>
            </div>
             
          </li>
          <li>
            <div>
              <span>
                Concentration of NH3: 
              </span>
              <span>
                 
              </span>
            </div>
             
          </li>
        </ul>
      </div>
    </div>
  </body>,
  "container": <div>
    <div
      class="pollution-container"
    >
      <h2>
        Air pollution 
      </h2>
      <ul>
        <li>
          <div>
            <span>
              Air Quality:
            </span>
            <span
              class="percent"
            >
              Air Quality
            </span>
            <span>
               
            </span>
          </div>
           
        </li>
        <li>
          <div>
            <span>
              Concentration of CO: 
            </span>
            <span>
               
            </span>
          </div>
           
        </li>
        <li>
          <div>
            <span>
               Concentration of NO:
            </span>
            <span>
               
            </span>
          </div>
           
        </li>
        <li>
          <div>
            <span>
              Concentration of NO2: 
            </span>
            <span>
               
            </span>
          </div>
           
        </li>
        <li>
          <div>
            <span>
              Concentration of O3: 
            </span>
            <span>
               
            </span>
          </div>
           
        </li>
        <li>
           
          <div>
            <span>
              Concentration of SO2: 
            </span>
            <span>
               
            </span>
          </div>
           
        </li>
        <li>
          <div>
            <span>
               Concentration of PM2_5: 
            </span>
            <span>
               
            </span>
          </div>
           
        </li>
        <li>
           
          <div>
            <span>
               Concentration of PM10:
            </span>
            <span>
               
            </span>
          </div>
           
        </li>
        <li>
          <div>
            <span>
              Concentration of NH3: 
            </span>
            <span>
               
            </span>
          </div>
           
        </li>
      </ul>
    </div>
  </div>,
  "debug": [Function],
  "findAllByAltText": [Function],
  "findAllByDisplayValue": [Function],
  "findAllByLabelText": [Function],
  "findAllByPlaceholderText": [Function],
  "findAllByRole": [Function],
  "findAllByTestId": [Function],
  "findAllByText": [Function],
  "findAllByTitle": [Function],
  "findByAltText": [Function],
  "findByDisplayValue": [Function],
  "findByLabelText": [Function],
  "findByPlaceholderText": [Function],
  "findByRole": [Function],
  "findByTestId": [Function],
  "findByText": [Function],
  "findByTitle": [Function],
  "getAllByAltText": [Function],
  "getAllByDisplayValue": [Function],
  "getAllByLabelText": [Function],
  "getAllByPlaceholderText": [Function],
  "getAllByRole": [Function],
  "getAllByTestId": [Function],
  "getAllByText": [Function],
  "getAllByTitle": [Function],
  "getByAltText": [Function],
  "getByDisplayValue": [Function],
  "getByLabelText": [Function],
  "getByPlaceholderText": [Function],
  "getByRole": [Function],
  "getByTestId": [Function],
  "getByText": [Function],
  "getByTitle": [Function],
  "queryAllByAltText": [Function],
  "queryAllByDisplayValue": [Function],
  "queryAllByLabelText": [Function],
  "queryAllByPlaceholderText": [Function],
  "queryAllByRole": [Function],
  "queryAllByTestId": [Function],
  "queryAllByText": [Function],
  "queryAllByTitle": [Function],
  "queryByAltText": [Function],
  "queryByDisplayValue": [Function],
  "queryByLabelText": [Function],
  "queryByPlaceholderText": [Function],
  "queryByRole": [Function],
  "queryByTestId": [Function],
  "queryByText": [Function],
  "queryByTitle": [Function],
  "rerender": [Function],
  "unmount": [Function],
}
`;
